#
# There is insufficient memory for the Java Runtime Environment to continue.
# Native memory allocation (malloc) failed to allocate 1188192 bytes for Chunk::new
# Possible reasons:
#   The system is out of physical RAM or swap space
#   The process is running with CompressedOops enabled, and the Java Heap may be blocking the growth of the native heap
# Possible solutions:
#   Reduce memory load on the system
#   Increase physical memory or swap space
#   Check if swap backing store is full
#   Decrease Java heap size (-Xmx/-Xms)
#   Decrease number of Java threads
#   Decrease Java thread stack sizes (-Xss)
#   Set larger code cache with -XX:ReservedCodeCacheSize=
#   JVM is running with Unscaled Compressed Oops mode in which the Java heap is
#     placed in the first 4GB address space. The Java Heap base address is the
#     maximum limit for the native heap growth. Please use -XX:HeapBaseMinAddress
#     to set the Java Heap base and to place the Java Heap above 4GB virtual address.
# This output file may be truncated or incomplete.
#
#  Out of Memory Error (arena.cpp:189), pid=3452, tid=12424
#
# JRE version: Java(TM) SE Runtime Environment (17.0.10+11) (build 17.0.10+11-LTS-240)
# Java VM: Java HotSpot(TM) 64-Bit Server VM (17.0.10+11-LTS-240, mixed mode, sharing, tiered, compressed oops, compressed class ptrs, g1 gc, windows-amd64)
# No core dump will be written. Minidumps are not enabled by default on client versions of Windows
#

---------------  S U M M A R Y ------------

Command Line: -javaagent:C:\Program Files\JetBrains\IntelliJ IDEA Community Edition 2024.2.5\lib\idea_rt.jar=52633:C:\Program Files\JetBrains\IntelliJ IDEA Community Edition 2024.2.5\bin -Dfile.encoding=UTF-8 com.gmf.user_management.UserManagementServiceApplication C:/Users/User/.m2/repository

Host: AMD Ryzen 5 5500U with Radeon Graphics         , 12 cores, 7G,  Windows 11 , 64 bit Build 22621 (10.0.22621.4391)
Time: Thu Jan 30 11:10:57 2025 SE Asia Standard Time elapsed time: 9321.888884 seconds (0d 2h 35m 21s)

---------------  T H R E A D  ---------------

Current thread (0x00000232ae3fb550):  JavaThread "C2 CompilerThread0" daemon [_thread_in_native, id=12424, stack(0x00000080b9300000,0x00000080b9400000)]


Current CompileTask:
C2:9321889 15090       4       com.fasterxml.jackson.databind.introspect.BasicClassIntrospector::forClassAnnotations (30 bytes)

Stack: [0x00000080b9300000,0x00000080b9400000]
Native frames: (J=compiled Java code, j=interpreted, Vv=VM code, C=native code)
V  [jvm.dll+0x677a5a]
V  [jvm.dll+0x7d8b2d]
V  [jvm.dll+0x7da48e]
V  [jvm.dll+0x7daaf3]
V  [jvm.dll+0x2455ff]
V  [jvm.dll+0xaaafb]
V  [jvm.dll+0xab09c]
V  [jvm.dll+0x361bae]
V  [jvm.dll+0x1bb3ca]
V  [jvm.dll+0x217aa7]
V  [jvm.dll+0x216d81]
V  [jvm.dll+0x1a3410]
V  [jvm.dll+0x226aeb]
V  [jvm.dll+0x224cab]
V  [jvm.dll+0x78e45c]
V  [jvm.dll+0x78888a]
V  [jvm.dll+0x676935]
C  [ucrtbase.dll+0x29333]
C  [KERNEL32.DLL+0x1259d]
C  [ntdll.dll+0x5af38]


---------------  P R O C E S S  ---------------

Threads class SMR info:
_java_thread_list=0x00000232f8883b60, length=41, elements={
0x00000232ae3e21f0, 0x00000232ae3e3fd0, 0x00000232ae3f5650, 0x00000232ae3f7420,
0x00000232ae3f7de0, 0x00000232ae3fa7b0, 0x00000232ae3fb550, 0x00000232ae3fc000,
0x00000232ae4133d0, 0x00000232aeb6cba0, 0x00000232f466c570, 0x00000232f465b6b0,
0x00000232f56c5300, 0x00000232f56c5d20, 0x00000232f56c6740, 0x00000232f56c7160,
0x00000232f56c7670, 0x00000232fbcdb0b0, 0x00000232fbcded70, 0x00000232fbcdd420,
0x00000232fbcdca00, 0x00000232fbcdd930, 0x00000232fbcd9c70, 0x00000232fbcd9250,
0x00000232fbcde860, 0x00000232fbcd9760, 0x00000232fbcdb5c0, 0x00000232fbcd8d40,
0x00000232fbcd7e10, 0x00000232fbcdc4f0, 0x00000232fbcdaba0, 0x00000232fbcdf790,
0x00000232fbcd8320, 0x00000232fbcda180, 0x00000232fbcdde40, 0x00000232fbcda690,
0x00000232fbcde350, 0x00000232fbcdf280, 0x00000232f56c8ab0, 0x00000232f56c6230,
0x00000232f56c7b80
}

Java Threads: ( => current thread )
  0x00000232ae3e21f0 JavaThread "Reference Handler" daemon [_thread_blocked, id=16236, stack(0x00000080b8d00000,0x00000080b8e00000)]
  0x00000232ae3e3fd0 JavaThread "Finalizer" daemon [_thread_blocked, id=3660, stack(0x00000080b8e00000,0x00000080b8f00000)]
  0x00000232ae3f5650 JavaThread "Signal Dispatcher" daemon [_thread_blocked, id=5688, stack(0x00000080b8f00000,0x00000080b9000000)]
  0x00000232ae3f7420 JavaThread "Attach Listener" daemon [_thread_blocked, id=10324, stack(0x00000080b9000000,0x00000080b9100000)]
  0x00000232ae3f7de0 JavaThread "Service Thread" daemon [_thread_blocked, id=15344, stack(0x00000080b9100000,0x00000080b9200000)]
  0x00000232ae3fa7b0 JavaThread "Monitor Deflation Thread" daemon [_thread_blocked, id=1888, stack(0x00000080b9200000,0x00000080b9300000)]
=>0x00000232ae3fb550 JavaThread "C2 CompilerThread0" daemon [_thread_in_native, id=12424, stack(0x00000080b9300000,0x00000080b9400000)]
  0x00000232ae3fc000 JavaThread "C1 CompilerThread0" daemon [_thread_blocked, id=15160, stack(0x00000080b9400000,0x00000080b9500000)]
  0x00000232ae4133d0 JavaThread "Sweeper thread" daemon [_thread_blocked, id=7236, stack(0x00000080b9500000,0x00000080b9600000)]
  0x00000232aeb6cba0 JavaThread "Common-Cleaner" daemon [_thread_blocked, id=6196, stack(0x00000080b9600000,0x00000080b9700000)]
  0x00000232f466c570 JavaThread "Monitor Ctrl-Break" daemon [_thread_in_native, id=15632, stack(0x00000080b9800000,0x00000080b9900000)]
  0x00000232f465b6b0 JavaThread "Notification Thread" daemon [_thread_blocked, id=8448, stack(0x00000080b9900000,0x00000080b9a00000)]
  0x00000232f56c5300 JavaThread "Catalina-utility-1" [_thread_blocked, id=3820, stack(0x00000080bab00000,0x00000080bac00000)]
  0x00000232f56c5d20 JavaThread "Catalina-utility-2" [_thread_blocked, id=4384, stack(0x00000080bac00000,0x00000080bad00000)]
  0x00000232f56c6740 JavaThread "container-0" [_thread_blocked, id=14972, stack(0x00000080bad00000,0x00000080bae00000)]
  0x00000232f56c7160 JavaThread "mysql-cj-abandoned-connection-cleanup" daemon [_thread_blocked, id=1592, stack(0x00000080bae00000,0x00000080baf00000)]
  0x00000232f56c7670 JavaThread "HikariPool-1 housekeeper" daemon [_thread_blocked, id=16172, stack(0x00000080baf00000,0x00000080bb000000)]
  0x00000232fbcdb0b0 JavaThread "File Watcher" daemon [_thread_blocked, id=7500, stack(0x00000080b9700000,0x00000080b9800000)]
  0x00000232fbcded70 JavaThread "Live Reload Server" daemon [_thread_in_native, id=5196, stack(0x00000080bb100000,0x00000080bb200000)]
  0x00000232fbcdd420 JavaThread "spring.cloud.inetutils" daemon [_thread_blocked, id=1312, stack(0x00000080bb000000,0x00000080bb100000)]
  0x00000232fbcdca00 JavaThread "AsyncResolver-bootstrap-0" daemon [_thread_blocked, id=10532, stack(0x00000080bb200000,0x00000080bb300000)]
  0x00000232fbcdd930 JavaThread "DiscoveryClient-0" daemon [_thread_blocked, id=12572, stack(0x00000080bb300000,0x00000080bb400000)]
  0x00000232fbcd9c70 JavaThread "DiscoveryClient-1" daemon [_thread_blocked, id=5012, stack(0x00000080bb400000,0x00000080bb500000)]
  0x00000232fbcd9250 JavaThread "DiscoveryClient-InstanceInfoReplicator-0" daemon [_thread_blocked, id=12076, stack(0x00000080bb500000,0x00000080bb600000)]
  0x00000232fbcde860 JavaThread "http-nio-8080-exec-1" daemon [_thread_blocked, id=14812, stack(0x00000080bb600000,0x00000080bb700000)]
  0x00000232fbcd9760 JavaThread "http-nio-8080-exec-2" daemon [_thread_blocked, id=6092, stack(0x00000080bb700000,0x00000080bb800000)]
  0x00000232fbcdb5c0 JavaThread "http-nio-8080-exec-3" daemon [_thread_blocked, id=16156, stack(0x00000080bb800000,0x00000080bb900000)]
  0x00000232fbcd8d40 JavaThread "http-nio-8080-exec-4" daemon [_thread_blocked, id=12080, stack(0x00000080bb900000,0x00000080bba00000)]
  0x00000232fbcd7e10 JavaThread "http-nio-8080-exec-5" daemon [_thread_blocked, id=5720, stack(0x00000080bba00000,0x00000080bbb00000)]
  0x00000232fbcdc4f0 JavaThread "http-nio-8080-exec-6" daemon [_thread_blocked, id=14956, stack(0x00000080bbb00000,0x00000080bbc00000)]
  0x00000232fbcdaba0 JavaThread "http-nio-8080-exec-7" daemon [_thread_blocked, id=11900, stack(0x00000080bbc00000,0x00000080bbd00000)]
  0x00000232fbcdf790 JavaThread "http-nio-8080-exec-8" daemon [_thread_blocked, id=10676, stack(0x00000080bbd00000,0x00000080bbe00000)]
  0x00000232fbcd8320 JavaThread "http-nio-8080-exec-9" daemon [_thread_blocked, id=2832, stack(0x00000080bbe00000,0x00000080bbf00000)]
  0x00000232fbcda180 JavaThread "http-nio-8080-exec-10" daemon [_thread_blocked, id=4548, stack(0x00000080bbf00000,0x00000080bc000000)]
  0x00000232fbcdde40 JavaThread "http-nio-8080-Poller" daemon [_thread_in_native, id=10664, stack(0x00000080bc000000,0x00000080bc100000)]
  0x00000232fbcda690 JavaThread "http-nio-8080-Acceptor" daemon [_thread_in_native, id=11100, stack(0x00000080bc100000,0x00000080bc200000)]
  0x00000232fbcde350 JavaThread "DestroyJavaVM" [_thread_blocked, id=14456, stack(0x00000080b8600000,0x00000080b8700000)]
  0x00000232fbcdf280 JavaThread "HikariPool-2 housekeeper" daemon [_thread_blocked, id=14228, stack(0x00000080ba100000,0x00000080ba200000)]
  0x00000232f56c8ab0 JavaThread "DiscoveryClient-CacheRefreshExecutor-0" daemon [_thread_in_native, id=8976, stack(0x00000080ba200000,0x00000080ba300000)]
  0x00000232f56c6230 JavaThread "DiscoveryClient-HeartbeatExecutor-0" daemon [_thread_in_native, id=11604, stack(0x00000080bc400000,0x00000080bc500000)]
  0x00000232f56c7b80 JavaThread "AsyncResolver-bootstrap-executor-0" daemon [_thread_blocked, id=9236, stack(0x00000080b8400000,0x00000080b8500000)]

Other Threads:
  0x00000232ae3dc730 VMThread "VM Thread" [stack: 0x00000080b8c00000,0x00000080b8d00000] [id=5332]
  0x00000232ae3e8a40 WatcherThread [stack: 0x00000080b9a00000,0x00000080b9b00000] [id=1964]
  0x0000023290812410 GCTaskThread "GC Thread#0" [stack: 0x00000080b8700000,0x00000080b8800000] [id=4816]
  0x00000232f4b9b8b0 GCTaskThread "GC Thread#1" [stack: 0x00000080b9b00000,0x00000080b9c00000] [id=4340]
  0x00000232f563ea40 GCTaskThread "GC Thread#2" [stack: 0x00000080b9c00000,0x00000080b9d00000] [id=9904]
  0x00000232f4f31550 GCTaskThread "GC Thread#3" [stack: 0x00000080b9d00000,0x00000080b9e00000] [id=4732]
  0x00000232f4707600 GCTaskThread "GC Thread#4" [stack: 0x00000080b9e00000,0x00000080b9f00000] [id=1164]
  0x00000232f483ac80 GCTaskThread "GC Thread#5" [stack: 0x00000080b9f00000,0x00000080ba000000] [id=14784]
  0x00000232f486da70 GCTaskThread "GC Thread#6" [stack: 0x00000080ba300000,0x00000080ba400000] [id=11060]
  0x00000232f5b25630 GCTaskThread "GC Thread#7" [stack: 0x00000080ba400000,0x00000080ba500000] [id=9812]
  0x00000232f49ae6c0 GCTaskThread "GC Thread#8" [stack: 0x00000080ba500000,0x00000080ba600000] [id=2068]
  0x00000232f5d4dc60 GCTaskThread "GC Thread#9" [stack: 0x00000080ba600000,0x00000080ba700000] [id=11048]
  0x0000023290821f20 ConcurrentGCThread "G1 Main Marker" [stack: 0x00000080b8800000,0x00000080b8900000] [id=7588]
  0x0000023290822930 ConcurrentGCThread "G1 Conc#0" [stack: 0x00000080b8900000,0x00000080b8a00000] [id=6368]
  0x00000232f62ac040 ConcurrentGCThread "G1 Conc#1" [stack: 0x00000080ba700000,0x00000080ba800000] [id=11336]
  0x00000232f64bcca0 ConcurrentGCThread "G1 Conc#2" [stack: 0x00000080ba800000,0x00000080ba900000] [id=4764]
  0x000002329085e3e0 ConcurrentGCThread "G1 Refine#0" [stack: 0x00000080b8a00000,0x00000080b8b00000] [id=16128]
  0x00000232f57c8710 ConcurrentGCThread "G1 Refine#1" [stack: 0x00000080ba000000,0x00000080ba100000] [id=2284]
  0x000002329085ecb0 ConcurrentGCThread "G1 Service" [stack: 0x00000080b8b00000,0x00000080b8c00000] [id=8792]

Threads with active compile tasks:
C2 CompilerThread0  9321967 15090       4       com.fasterxml.jackson.databind.introspect.BasicClassIntrospector::forClassAnnotations (30 bytes)

VM state: not at safepoint (normal execution)

VM Mutex/Monitor currently owned by a thread: None

Heap address: 0x000000008a200000, size: 1886 MB, Compressed Oops mode: 32-bit

CDS archive(s) mapped at: [0x00000232af000000-0x00000232afbd0000-0x00000232afbd0000), size 12386304, SharedBaseAddress: 0x00000232af000000, ArchiveRelocationMode: 1.
Compressed class space mapped at: 0x00000232b0000000-0x00000232f0000000, reserved size: 1073741824
Narrow klass base: 0x00000232af000000, Narrow klass shift: 0, Narrow klass range: 0x100000000

GC Precious Log:
 CPUs: 12 total, 12 available
 Memory: 7541M
 Large Page Support: Disabled
 NUMA Support: Disabled
 Compressed Oops: Enabled (32-bit)
 Heap Region Size: 1M
 Heap Min Capacity: 8M
 Heap Initial Capacity: 118M
 Heap Max Capacity: 1886M
 Pre-touch: Disabled
 Parallel Workers: 10
 Concurrent Workers: 3
 Concurrent Refinement Workers: 10
 Periodic GC: Disabled

Heap:
 garbage-first heap   total 122880K, used 98252K [0x000000008a200000, 0x0000000100000000)
  region size 1024K, 42 young (43008K), 1 survivors (1024K)
 Metaspace       used 98489K, committed 99072K, reserved 1179648K
  class space    used 12405K, committed 12672K, reserved 1048576K

Heap Regions: E=young(eden), S=young(survivor), O=old, HS=humongous(starts), HC=humongous(continues), CS=collection set, F=free, OA=open archive, CA=closed archive, TAMS=top-at-mark-start (previous, next)
|   0|0x000000008a200000, 0x000000008a300000, 0x000000008a300000|100%| O|  |TAMS 0x000000008a300000, 0x000000008a200000| Untracked 
|   1|0x000000008a300000, 0x000000008a400000, 0x000000008a400000|100%|HS|  |TAMS 0x000000008a400000, 0x000000008a300000| Complete 
|   2|0x000000008a400000, 0x000000008a500000, 0x000000008a500000|100%| O|  |TAMS 0x000000008a500000, 0x000000008a400000| Untracked 
|   3|0x000000008a500000, 0x000000008a600000, 0x000000008a600000|100%|HS|  |TAMS 0x000000008a600000, 0x000000008a500000| Complete 
|   4|0x000000008a600000, 0x000000008a700000, 0x000000008a700000|100%| O|  |TAMS 0x000000008a700000, 0x000000008a600000| Untracked 
|   5|0x000000008a700000, 0x000000008a800000, 0x000000008a800000|100%| O|  |TAMS 0x000000008a800000, 0x000000008a700000| Untracked 
|   6|0x000000008a800000, 0x000000008a900000, 0x000000008a900000|100%| O|  |TAMS 0x000000008a900000, 0x000000008a800000| Untracked 
|   7|0x000000008a900000, 0x000000008aa00000, 0x000000008aa00000|100%| O|  |TAMS 0x000000008aa00000, 0x000000008a900000| Untracked 
|   8|0x000000008aa00000, 0x000000008ab00000, 0x000000008ab00000|100%| O|  |TAMS 0x000000008ab00000, 0x000000008aa00000| Untracked 
|   9|0x000000008ab00000, 0x000000008ac00000, 0x000000008ac00000|100%| O|  |TAMS 0x000000008ac00000, 0x000000008ab00000| Untracked 
|  10|0x000000008ac00000, 0x000000008ad00000, 0x000000008ad00000|100%| O|  |TAMS 0x000000008ad00000, 0x000000008ac00000| Untracked 
|  11|0x000000008ad00000, 0x000000008ae00000, 0x000000008ae00000|100%| O|  |TAMS 0x000000008ae00000, 0x000000008ad00000| Untracked 
|  12|0x000000008ae00000, 0x000000008af00000, 0x000000008af00000|100%| O|  |TAMS 0x000000008af00000, 0x000000008ae00000| Untracked 
|  13|0x000000008af00000, 0x000000008b000000, 0x000000008b000000|100%| O|  |TAMS 0x000000008b000000, 0x000000008af00000| Untracked 
|  14|0x000000008b000000, 0x000000008b100000, 0x000000008b100000|100%| O|  |TAMS 0x000000008b100000, 0x000000008b000000| Untracked 
|  15|0x000000008b100000, 0x000000008b200000, 0x000000008b200000|100%| O|  |TAMS 0x000000008b200000, 0x000000008b100000| Untracked 
|  16|0x000000008b200000, 0x000000008b300000, 0x000000008b300000|100%| O|  |TAMS 0x000000008b300000, 0x000000008b200000| Untracked 
|  17|0x000000008b300000, 0x000000008b400000, 0x000000008b400000|100%| O|  |TAMS 0x000000008b400000, 0x000000008b300000| Untracked 
|  18|0x000000008b400000, 0x000000008b500000, 0x000000008b500000|100%| O|  |TAMS 0x000000008b500000, 0x000000008b400000| Untracked 
|  19|0x000000008b500000, 0x000000008b600000, 0x000000008b600000|100%| O|  |TAMS 0x000000008b600000, 0x000000008b500000| Untracked 
|  20|0x000000008b600000, 0x000000008b700000, 0x000000008b700000|100%| O|  |TAMS 0x000000008b700000, 0x000000008b600000| Untracked 
|  21|0x000000008b700000, 0x000000008b800000, 0x000000008b800000|100%| O|  |TAMS 0x000000008b800000, 0x000000008b700000| Untracked 
|  22|0x000000008b800000, 0x000000008b900000, 0x000000008b900000|100%| O|  |TAMS 0x000000008b900000, 0x000000008b800000| Untracked 
|  23|0x000000008b900000, 0x000000008ba00000, 0x000000008ba00000|100%| O|  |TAMS 0x000000008ba00000, 0x000000008b900000| Untracked 
|  24|0x000000008ba00000, 0x000000008bb00000, 0x000000008bb00000|100%| O|  |TAMS 0x000000008bb00000, 0x000000008ba00000| Untracked 
|  25|0x000000008bb00000, 0x000000008bc00000, 0x000000008bc00000|100%| O|  |TAMS 0x000000008bc00000, 0x000000008bb00000| Untracked 
|  26|0x000000008bc00000, 0x000000008bd00000, 0x000000008bd00000|100%| O|  |TAMS 0x000000008bd00000, 0x000000008bc00000| Untracked 
|  27|0x000000008bd00000, 0x000000008be00000, 0x000000008be00000|100%| O|  |TAMS 0x000000008be00000, 0x000000008bd00000| Untracked 
|  28|0x000000008be00000, 0x000000008bf00000, 0x000000008bf00000|100%| O|  |TAMS 0x000000008bf00000, 0x000000008be00000| Untracked 
|  29|0x000000008bf00000, 0x000000008c000000, 0x000000008c000000|100%| O|  |TAMS 0x000000008c000000, 0x000000008bf00000| Untracked 
|  30|0x000000008c000000, 0x000000008c100000, 0x000000008c100000|100%| O|  |TAMS 0x000000008c100000, 0x000000008c000000| Untracked 
|  31|0x000000008c100000, 0x000000008c200000, 0x000000008c200000|100%| O|  |TAMS 0x000000008c200000, 0x000000008c100000| Untracked 
|  32|0x000000008c200000, 0x000000008c300000, 0x000000008c300000|100%| O|  |TAMS 0x000000008c300000, 0x000000008c200000| Untracked 
|  33|0x000000008c300000, 0x000000008c400000, 0x000000008c400000|100%| O|  |TAMS 0x000000008c400000, 0x000000008c300000| Complete 
|  34|0x000000008c400000, 0x000000008c49da00, 0x000000008c500000| 61%| O|  |TAMS 0x000000008c49da00, 0x000000008c400000| Untracked 
|  35|0x000000008c500000, 0x000000008c600000, 0x000000008c600000|100%| O|  |TAMS 0x000000008c600000, 0x000000008c500000| Untracked 
|  36|0x000000008c600000, 0x000000008c700000, 0x000000008c700000|100%| O|  |TAMS 0x000000008c700000, 0x000000008c600000| Untracked 
|  37|0x000000008c700000, 0x000000008c800000, 0x000000008c800000|100%| O|  |TAMS 0x000000008c800000, 0x000000008c700000| Untracked 
|  38|0x000000008c800000, 0x000000008c900000, 0x000000008c900000|100%| O|  |TAMS 0x000000008c900000, 0x000000008c800000| Untracked 
|  39|0x000000008c900000, 0x000000008ca00000, 0x000000008ca00000|100%| O|  |TAMS 0x000000008ca00000, 0x000000008c900000| Untracked 
|  40|0x000000008ca00000, 0x000000008cb00000, 0x000000008cb00000|100%| O|  |TAMS 0x000000008cb00000, 0x000000008ca00000| Untracked 
|  41|0x000000008cb00000, 0x000000008cc00000, 0x000000008cc00000|100%| O|  |TAMS 0x000000008cc00000, 0x000000008cb00000| Untracked 
|  42|0x000000008cc00000, 0x000000008cc00000, 0x000000008cd00000|  0%| F|  |TAMS 0x000000008cc00000, 0x000000008cc00000| Untracked 
|  43|0x000000008cd00000, 0x000000008ce00000, 0x000000008ce00000|100%| O|  |TAMS 0x000000008ce00000, 0x000000008cd00000| Untracked 
|  44|0x000000008ce00000, 0x000000008cf00000, 0x000000008cf00000|100%| O|  |TAMS 0x000000008cf00000, 0x000000008ce00000| Untracked 
|  45|0x000000008cf00000, 0x000000008d000000, 0x000000008d000000|100%| O|  |TAMS 0x000000008d000000, 0x000000008cf00000| Untracked 
|  46|0x000000008d000000, 0x000000008d100000, 0x000000008d100000|100%| O|  |TAMS 0x000000008d100000, 0x000000008d000000| Untracked 
|  47|0x000000008d100000, 0x000000008d100000, 0x000000008d200000|  0%| F|  |TAMS 0x000000008d100000, 0x000000008d100000| Untracked 
|  48|0x000000008d200000, 0x000000008d200000, 0x000000008d300000|  0%| F|  |TAMS 0x000000008d200000, 0x000000008d200000| Untracked 
|  49|0x000000008d300000, 0x000000008d300000, 0x000000008d400000|  0%| F|  |TAMS 0x000000008d300000, 0x000000008d300000| Untracked 
|  50|0x000000008d400000, 0x000000008d400000, 0x000000008d500000|  0%| F|  |TAMS 0x000000008d400000, 0x000000008d400000| Untracked 
|  51|0x000000008d500000, 0x000000008d500000, 0x000000008d600000|  0%| F|  |TAMS 0x000000008d500000, 0x000000008d500000| Untracked 
|  52|0x000000008d600000, 0x000000008d700000, 0x000000008d700000|100%| O|  |TAMS 0x000000008d700000, 0x000000008d600000| Untracked 
|  53|0x000000008d700000, 0x000000008d700000, 0x000000008d800000|  0%| F|  |TAMS 0x000000008d700000, 0x000000008d700000| Untracked 
|  54|0x000000008d800000, 0x000000008d900000, 0x000000008d900000|100%| O|  |TAMS 0x000000008d900000, 0x000000008d800000| Untracked 
|  55|0x000000008d900000, 0x000000008d900000, 0x000000008da00000|  0%| F|  |TAMS 0x000000008d900000, 0x000000008d900000| Untracked 
|  56|0x000000008da00000, 0x000000008db00000, 0x000000008db00000|100%| O|  |TAMS 0x000000008db00000, 0x000000008da00000| Untracked 
|  57|0x000000008db00000, 0x000000008dc00000, 0x000000008dc00000|100%| O|  |TAMS 0x000000008dc00000, 0x000000008db00000| Untracked 
|  58|0x000000008dc00000, 0x000000008dd00000, 0x000000008dd00000|100%| O|  |TAMS 0x000000008dd00000, 0x000000008dc00000| Untracked 
|  59|0x000000008dd00000, 0x000000008de00000, 0x000000008de00000|100%| O|  |TAMS 0x000000008de00000, 0x000000008dd00000| Untracked 
|  60|0x000000008de00000, 0x000000008de00000, 0x000000008df00000|  0%| F|  |TAMS 0x000000008de00000, 0x000000008de00000| Untracked 
|  61|0x000000008df00000, 0x000000008e000000, 0x000000008e000000|100%| O|  |TAMS 0x000000008e000000, 0x000000008df00000| Untracked 
|  62|0x000000008e000000, 0x000000008e100000, 0x000000008e100000|100%| O|  |TAMS 0x000000008e100000, 0x000000008e000000| Untracked 
|  63|0x000000008e100000, 0x000000008e200000, 0x000000008e200000|100%| O|  |TAMS 0x000000008e200000, 0x000000008e100000| Untracked 
|  64|0x000000008e200000, 0x000000008e300000, 0x000000008e300000|100%| O|  |TAMS 0x000000008e300000, 0x000000008e200000| Untracked 
|  65|0x000000008e300000, 0x000000008e400000, 0x000000008e400000|100%| O|  |TAMS 0x000000008e400000, 0x000000008e300000| Untracked 
|  66|0x000000008e400000, 0x000000008e400000, 0x000000008e500000|  0%| F|  |TAMS 0x000000008e400000, 0x000000008e400000| Untracked 
|  67|0x000000008e500000, 0x000000008e500000, 0x000000008e600000|  0%| F|  |TAMS 0x000000008e500000, 0x000000008e500000| Untracked 
|  68|0x000000008e600000, 0x000000008e600000, 0x000000008e700000|  0%| F|  |TAMS 0x000000008e600000, 0x000000008e600000| Untracked 
|  69|0x000000008e700000, 0x000000008e700000, 0x000000008e800000|  0%| F|  |TAMS 0x000000008e700000, 0x000000008e700000| Untracked 
|  70|0x000000008e800000, 0x000000008e8558e0, 0x000000008e900000| 33%| S|CS|TAMS 0x000000008e800000, 0x000000008e800000| Complete 
|  71|0x000000008e900000, 0x000000008e900000, 0x000000008ea00000|  0%| F|  |TAMS 0x000000008e900000, 0x000000008e900000| Untracked 
|  72|0x000000008ea00000, 0x000000008ea00000, 0x000000008eb00000|  0%| F|  |TAMS 0x000000008ea00000, 0x000000008ea00000| Untracked 
|  73|0x000000008eb00000, 0x000000008eb00000, 0x000000008ec00000|  0%| F|  |TAMS 0x000000008eb00000, 0x000000008eb00000| Untracked 
|  74|0x000000008ec00000, 0x000000008ec00000, 0x000000008ed00000|  0%| F|  |TAMS 0x000000008ec00000, 0x000000008ec00000| Untracked 
|  75|0x000000008ed00000, 0x000000008ed00000, 0x000000008ee00000|  0%| F|  |TAMS 0x000000008ed00000, 0x000000008ed00000| Untracked 
|  76|0x000000008ee00000, 0x000000008ee00000, 0x000000008ef00000|  0%| F|  |TAMS 0x000000008ee00000, 0x000000008ee00000| Untracked 
|  77|0x000000008ef00000, 0x000000008ef00000, 0x000000008f000000|  0%| F|  |TAMS 0x000000008ef00000, 0x000000008ef00000| Untracked 
|  78|0x000000008f000000, 0x000000008f000000, 0x000000008f100000|  0%| F|  |TAMS 0x000000008f000000, 0x000000008f000000| Untracked 
|  79|0x000000008f100000, 0x000000008f102010, 0x000000008f200000|  0%| E|  |TAMS 0x000000008f100000, 0x000000008f100000| Complete 
|  80|0x000000008f200000, 0x000000008f2ff190, 0x000000008f300000| 99%| E|  |TAMS 0x000000008f200000, 0x000000008f200000| Complete 
|  81|0x000000008f300000, 0x000000008f400000, 0x000000008f400000|100%| E|CS|TAMS 0x000000008f300000, 0x000000008f300000| Complete 
|  82|0x000000008f400000, 0x000000008f500000, 0x000000008f500000|100%| E|CS|TAMS 0x000000008f400000, 0x000000008f400000| Complete 
|  83|0x000000008f500000, 0x000000008f600000, 0x000000008f600000|100%| E|CS|TAMS 0x000000008f500000, 0x000000008f500000| Complete 
|  84|0x000000008f600000, 0x000000008f700000, 0x000000008f700000|100%| E|CS|TAMS 0x000000008f600000, 0x000000008f600000| Complete 
|  85|0x000000008f700000, 0x000000008f800000, 0x000000008f800000|100%| E|CS|TAMS 0x000000008f700000, 0x000000008f700000| Complete 
|  86|0x000000008f800000, 0x000000008f900000, 0x000000008f900000|100%| E|CS|TAMS 0x000000008f800000, 0x000000008f800000| Complete 
|  87|0x000000008f900000, 0x000000008fa00000, 0x000000008fa00000|100%| E|CS|TAMS 0x000000008f900000, 0x000000008f900000| Complete 
|  88|0x000000008fa00000, 0x000000008fb00000, 0x000000008fb00000|100%| E|CS|TAMS 0x000000008fa00000, 0x000000008fa00000| Complete 
|  89|0x000000008fb00000, 0x000000008fc00000, 0x000000008fc00000|100%| E|CS|TAMS 0x000000008fb00000, 0x000000008fb00000| Complete 
|  90|0x000000008fc00000, 0x000000008fd00000, 0x000000008fd00000|100%| E|CS|TAMS 0x000000008fc00000, 0x000000008fc00000| Complete 
|  91|0x000000008fd00000, 0x000000008fe00000, 0x000000008fe00000|100%| E|CS|TAMS 0x000000008fd00000, 0x000000008fd00000| Complete 
|  92|0x000000008fe00000, 0x000000008ff00000, 0x000000008ff00000|100%| E|CS|TAMS 0x000000008fe00000, 0x000000008fe00000| Complete 
|  93|0x000000008ff00000, 0x0000000090000000, 0x0000000090000000|100%| E|CS|TAMS 0x000000008ff00000, 0x000000008ff00000| Complete 
|  94|0x0000000090000000, 0x0000000090100000, 0x0000000090100000|100%| E|CS|TAMS 0x0000000090000000, 0x0000000090000000| Complete 
|  95|0x0000000090100000, 0x0000000090200000, 0x0000000090200000|100%| E|CS|TAMS 0x0000000090100000, 0x0000000090100000| Complete 
|  96|0x0000000090200000, 0x0000000090300000, 0x0000000090300000|100%| E|CS|TAMS 0x0000000090200000, 0x0000000090200000| Complete 
|  97|0x0000000090300000, 0x0000000090400000, 0x0000000090400000|100%| E|CS|TAMS 0x0000000090300000, 0x0000000090300000| Complete 
|  98|0x0000000090400000, 0x0000000090500000, 0x0000000090500000|100%| E|CS|TAMS 0x0000000090400000, 0x0000000090400000| Complete 
|  99|0x0000000090500000, 0x0000000090600000, 0x0000000090600000|100%| E|CS|TAMS 0x0000000090500000, 0x0000000090500000| Complete 
| 100|0x0000000090600000, 0x0000000090700000, 0x0000000090700000|100%| E|CS|TAMS 0x0000000090600000, 0x0000000090600000| Complete 
| 101|0x0000000090700000, 0x0000000090800000, 0x0000000090800000|100%| E|CS|TAMS 0x0000000090700000, 0x0000000090700000| Complete 
| 102|0x0000000090800000, 0x0000000090900000, 0x0000000090900000|100%| E|CS|TAMS 0x0000000090800000, 0x0000000090800000| Complete 
| 103|0x0000000090900000, 0x0000000090a00000, 0x0000000090a00000|100%| E|CS|TAMS 0x0000000090900000, 0x0000000090900000| Complete 
| 104|0x0000000090a00000, 0x0000000090b00000, 0x0000000090b00000|100%| E|CS|TAMS 0x0000000090a00000, 0x0000000090a00000| Complete 
| 105|0x0000000090b00000, 0x0000000090c00000, 0x0000000090c00000|100%| E|CS|TAMS 0x0000000090b00000, 0x0000000090b00000| Complete 
| 106|0x0000000090c00000, 0x0000000090d00000, 0x0000000090d00000|100%| E|CS|TAMS 0x0000000090c00000, 0x0000000090c00000| Complete 
| 107|0x0000000090d00000, 0x0000000090e00000, 0x0000000090e00000|100%| E|CS|TAMS 0x0000000090d00000, 0x0000000090d00000| Complete 
| 108|0x0000000090e00000, 0x0000000090f00000, 0x0000000090f00000|100%| E|CS|TAMS 0x0000000090e00000, 0x0000000090e00000| Complete 
| 109|0x0000000090f00000, 0x0000000091000000, 0x0000000091000000|100%| E|CS|TAMS 0x0000000090f00000, 0x0000000090f00000| Complete 
| 110|0x0000000091000000, 0x0000000091100000, 0x0000000091100000|100%| E|CS|TAMS 0x0000000091000000, 0x0000000091000000| Complete 
| 111|0x0000000091100000, 0x0000000091200000, 0x0000000091200000|100%| E|CS|TAMS 0x0000000091100000, 0x0000000091100000| Complete 
| 112|0x0000000091200000, 0x0000000091300000, 0x0000000091300000|100%| E|CS|TAMS 0x0000000091200000, 0x0000000091200000| Complete 
| 113|0x0000000091300000, 0x0000000091400000, 0x0000000091400000|100%| E|CS|TAMS 0x0000000091300000, 0x0000000091300000| Complete 
| 114|0x0000000091400000, 0x0000000091500000, 0x0000000091500000|100%| E|CS|TAMS 0x0000000091400000, 0x0000000091400000| Complete 
| 115|0x0000000091500000, 0x0000000091600000, 0x0000000091600000|100%| E|CS|TAMS 0x0000000091500000, 0x0000000091500000| Complete 
| 116|0x0000000091600000, 0x0000000091700000, 0x0000000091700000|100%| E|CS|TAMS 0x0000000091600000, 0x0000000091600000| Complete 
| 117|0x0000000091700000, 0x0000000091800000, 0x0000000091800000|100%| E|CS|TAMS 0x0000000091700000, 0x0000000091700000| Complete 
| 118|0x0000000091800000, 0x0000000091900000, 0x0000000091900000|100%| E|CS|TAMS 0x0000000091800000, 0x0000000091800000| Complete 
| 119|0x0000000091900000, 0x0000000091a00000, 0x0000000091a00000|100%| E|CS|TAMS 0x0000000091900000, 0x0000000091900000| Complete 

Card table byte_map: [0x00000232a7950000,0x00000232a7d00000] _byte_map_base: 0x00000232a74ff000

Marking Bits (Prev, Next): (CMBitMap*) 0x0000023290812a30, (CMBitMap*) 0x0000023290812a70
 Prev Bits: [0x00000232a80b0000, 0x00000232a9e28000)
 Next Bits: [0x00000232a9e30000, 0x00000232abba8000)

Polling page: 0x000002328e720000

Metaspace:

Usage:
  Non-class:     84.07 MB used.
      Class:     12.11 MB used.
       Both:     96.18 MB used.

Virtual space:
  Non-class space:      128.00 MB reserved,      84.38 MB ( 66%) committed,  2 nodes.
      Class space:        1.00 GB reserved,      12.38 MB (  1%) committed,  1 nodes.
             Both:        1.12 GB reserved,      96.75 MB (  8%) committed. 

Chunk freelists:
   Non-Class:  11.55 MB
       Class:  3.64 MB
        Both:  15.19 MB

MaxMetaspaceSize: unlimited
CompressedClassSpaceSize: 1.00 GB
Initial GC threshold: 21.00 MB
Current GC threshold: 160.88 MB
CDS: on
MetaspaceReclaimPolicy: balanced
 - commit_granule_bytes: 65536.
 - commit_granule_words: 8192.
 - virtual_space_node_default_size: 8388608.
 - enlarge_chunks_in_place: 1.
 - new_chunks_are_fully_committed: 0.
 - uncommit_free_chunks: 1.
 - use_allocation_guard: 0.
 - handle_deallocations: 1.


Internal statistics:

num_allocs_failed_limit: 9.
num_arena_births: 860.
num_arena_deaths: 136.
num_vsnodes_births: 3.
num_vsnodes_deaths: 0.
num_space_committed: 1548.
num_space_uncommitted: 0.
num_chunks_returned_to_freelist: 176.
num_chunks_taken_from_freelist: 4578.
num_chunk_merges: 37.
num_chunk_splits: 3135.
num_chunks_enlarged: 2386.
num_inconsistent_stats: 0.

CodeHeap 'non-profiled nmethods': size=120000Kb used=7889Kb max_used=7983Kb free=112110Kb
 bounds [0x000002329fb10000, 0x00000232a02e0000, 0x00000232a7040000]
CodeHeap 'profiled nmethods': size=120000Kb used=24126Kb max_used=24126Kb free=95873Kb
 bounds [0x0000023298040000, 0x00000232997e0000, 0x000002329f570000]
CodeHeap 'non-nmethods': size=5760Kb used=1434Kb max_used=1480Kb free=4326Kb
 bounds [0x000002329f570000, 0x000002329f7e0000, 0x000002329fb10000]
 total_blobs=13475 nmethods=12692 adapters=694
 compilation: enabled
              stopped_count=0, restarted_count=0
 full_count=0

Compilation events (20 events):
Event: 9321.381 Thread 0x00000232ae3fc000 15086       3       jdk.internal.module.ServicesCatalog::getServicesCatalog (39 bytes)
Event: 9321.382 Thread 0x00000232ae3fc000 nmethod 15086 0x00000232997c7410 code [0x00000232997c76a0, 0x00000232997c84e8]
Event: 9321.383 Thread 0x00000232ae3fc000 15087       3       com.fasterxml.jackson.databind.cfg.SerializerFactoryConfig::<init> (50 bytes)
Event: 9321.383 Thread 0x00000232ae3fb550 nmethod 15083 0x00000232a0035b10 code [0x00000232a0035ce0, 0x00000232a0036600]
Event: 9321.383 Thread 0x00000232ae3fb550 15085 %     4       sun.security.provider.HashDrbg::addBytes @ 9 (130 bytes)
Event: 9321.383 Thread 0x00000232ae3fc000 nmethod 15087 0x00000232997c8910 code [0x00000232997c8ac0, 0x00000232997c8e38]
Event: 9321.383 Thread 0x00000232ae3fc000 15088       3       com.fasterxml.jackson.databind.ser.BeanSerializerFactory::<init> (6 bytes)
Event: 9321.385 Thread 0x00000232ae3fc000 nmethod 15088 0x00000232997c8f10 code [0x00000232997c90e0, 0x00000232997c94e8]
Event: 9321.391 Thread 0x00000232ae3fb550 nmethod 15085% 0x00000232a0035390 code [0x00000232a0035520, 0x00000232a00358d8]
Event: 9321.391 Thread 0x00000232ae3fb550 15089       4       com.fasterxml.jackson.databind.cfg.MapperConfigBase::findMixInClassFor (9 bytes)
Event: 9321.392 Thread 0x00000232ae3fc000 15091       3       com.fasterxml.jackson.databind.deser.BeanDeserializerFactory::filterBeanProps (142 bytes)
Event: 9321.394 Thread 0x00000232ae3fc000 nmethod 15091 0x00000232997c9690 code [0x00000232997c99e0, 0x00000232997cb378]
Event: 9321.394 Thread 0x00000232ae3fc000 15093       3       com.fasterxml.jackson.databind.introspect.BasicBeanDescription::findBackReferences (148 bytes)
Event: 9321.397 Thread 0x00000232ae3fc000 nmethod 15093 0x00000232997cbd10 code [0x00000232997cc120, 0x00000232997ce1f8]
Event: 9321.397 Thread 0x00000232ae3fc000 15094       3       com.fasterxml.jackson.databind.type.ClassKey::<init> (29 bytes)
Event: 9321.398 Thread 0x00000232ae3fc000 nmethod 15094 0x00000232997cec90 code [0x00000232997cee60, 0x00000232997cf1b8]
Event: 9321.398 Thread 0x00000232ae3fc000 15092       3       com.fasterxml.jackson.databind.introspect.BasicBeanDescription::findAnySetterAccessor (124 bytes)
Event: 9321.401 Thread 0x00000232ae3fc000 nmethod 15092 0x00000232997cf310 code [0x00000232997cf740, 0x00000232997d17a8]
Event: 9321.407 Thread 0x00000232ae3fb550 nmethod 15089 0x00000232a0034710 code [0x00000232a00348c0, 0x00000232a0034ee8]
Event: 9321.407 Thread 0x00000232ae3fb550 15090       4       com.fasterxml.jackson.databind.introspect.BasicClassIntrospector::forClassAnnotations (30 bytes)

GC Heap History (20 events):
Event: 8079.318 GC heap before
{Heap before GC invocations=126 (full 0):
 garbage-first heap   total 122880K, used 107813K [0x000000008a200000, 0x0000000100000000)
  region size 1024K, 50 young (51200K), 1 survivors (1024K)
 Metaspace       used 98323K, committed 98880K, reserved 1179648K
  class space    used 12396K, committed 12672K, reserved 1048576K
}
Event: 8079.332 GC heap after
{Heap after GC invocations=127 (full 0):
 garbage-first heap   total 122880K, used 57660K [0x000000008a200000, 0x0000000100000000)
  region size 1024K, 1 young (1024K), 1 survivors (1024K)
 Metaspace       used 98323K, committed 98880K, reserved 1179648K
  class space    used 12396K, committed 12672K, reserved 1048576K
}
Event: 8259.735 GC heap before
{Heap before GC invocations=128 (full 0):
 garbage-first heap   total 122880K, used 107836K [0x000000008a200000, 0x0000000100000000)
  region size 1024K, 50 young (51200K), 1 survivors (1024K)
 Metaspace       used 98326K, committed 98880K, reserved 1179648K
  class space    used 12396K, committed 12672K, reserved 1048576K
}
Event: 8259.737 GC heap after
{Heap after GC invocations=129 (full 0):
 garbage-first heap   total 122880K, used 57642K [0x000000008a200000, 0x0000000100000000)
  region size 1024K, 1 young (1024K), 1 survivors (1024K)
 Metaspace       used 98326K, committed 98880K, reserved 1179648K
  class space    used 12396K, committed 12672K, reserved 1048576K
}
Event: 8278.148 GC heap before
{Heap before GC invocations=129 (full 0):
 garbage-first heap   total 122880K, used 62762K [0x000000008a200000, 0x0000000100000000)
  region size 1024K, 6 young (6144K), 1 survivors (1024K)
 Metaspace       used 98326K, committed 98880K, reserved 1179648K
  class space    used 12396K, committed 12672K, reserved 1048576K
}
Event: 8278.152 GC heap after
{Heap after GC invocations=130 (full 0):
 garbage-first heap   total 122880K, used 57285K [0x000000008a200000, 0x0000000100000000)
  region size 1024K, 1 young (1024K), 1 survivors (1024K)
 Metaspace       used 98326K, committed 98880K, reserved 1179648K
  class space    used 12396K, committed 12672K, reserved 1048576K
}
Event: 8458.079 GC heap before
{Heap before GC invocations=130 (full 0):
 garbage-first heap   total 122880K, used 107461K [0x000000008a200000, 0x0000000100000000)
  region size 1024K, 50 young (51200K), 1 survivors (1024K)
 Metaspace       used 98326K, committed 98880K, reserved 1179648K
  class space    used 12396K, committed 12672K, reserved 1048576K
}
Event: 8458.080 GC heap after
{Heap after GC invocations=131 (full 0):
 garbage-first heap   total 122880K, used 57225K [0x000000008a200000, 0x0000000100000000)
  region size 1024K, 1 young (1024K), 1 survivors (1024K)
 Metaspace       used 98326K, committed 98880K, reserved 1179648K
  class space    used 12396K, committed 12672K, reserved 1048576K
}
Event: 8641.555 GC heap before
{Heap before GC invocations=132 (full 0):
 garbage-first heap   total 122880K, used 108425K [0x000000008a200000, 0x0000000100000000)
  region size 1024K, 51 young (52224K), 1 survivors (1024K)
 Metaspace       used 98333K, committed 98880K, reserved 1179648K
  class space    used 12396K, committed 12672K, reserved 1048576K
}
Event: 8641.558 GC heap after
{Heap after GC invocations=133 (full 0):
 garbage-first heap   total 122880K, used 57273K [0x000000008a200000, 0x0000000100000000)
  region size 1024K, 1 young (1024K), 1 survivors (1024K)
 Metaspace       used 98333K, committed 98880K, reserved 1179648K
  class space    used 12396K, committed 12672K, reserved 1048576K
}
Event: 8659.965 GC heap before
{Heap before GC invocations=133 (full 0):
 garbage-first heap   total 122880K, used 62393K [0x000000008a200000, 0x0000000100000000)
  region size 1024K, 6 young (6144K), 1 survivors (1024K)
 Metaspace       used 98333K, committed 98880K, reserved 1179648K
  class space    used 12396K, committed 12672K, reserved 1048576K
}
Event: 8659.980 GC heap after
{Heap after GC invocations=134 (full 0):
 garbage-first heap   total 122880K, used 57039K [0x000000008a200000, 0x0000000100000000)
  region size 1024K, 1 young (1024K), 1 survivors (1024K)
 Metaspace       used 98333K, committed 98880K, reserved 1179648K
  class space    used 12396K, committed 12672K, reserved 1048576K
}
Event: 8844.065 GC heap before
{Heap before GC invocations=134 (full 0):
 garbage-first heap   total 122880K, used 108239K [0x000000008a200000, 0x0000000100000000)
  region size 1024K, 51 young (52224K), 1 survivors (1024K)
 Metaspace       used 98333K, committed 98880K, reserved 1179648K
  class space    used 12396K, committed 12672K, reserved 1048576K
}
Event: 8844.067 GC heap after
{Heap after GC invocations=135 (full 0):
 garbage-first heap   total 122880K, used 57029K [0x000000008a200000, 0x0000000100000000)
  region size 1024K, 1 young (1024K), 1 survivors (1024K)
 Metaspace       used 98333K, committed 98880K, reserved 1179648K
  class space    used 12396K, committed 12672K, reserved 1048576K
}
Event: 9005.808 GC heap before
{Heap before GC invocations=136 (full 0):
 garbage-first heap   total 122880K, used 108229K [0x000000008a200000, 0x0000000100000000)
  region size 1024K, 51 young (52224K), 1 survivors (1024K)
 Metaspace       used 98395K, committed 98944K, reserved 1179648K
  class space    used 12398K, committed 12672K, reserved 1048576K
}
Event: 9005.814 GC heap after
{Heap after GC invocations=137 (full 0):
 garbage-first heap   total 122880K, used 58158K [0x000000008a200000, 0x0000000100000000)
  region size 1024K, 2 young (2048K), 2 survivors (2048K)
 Metaspace       used 98395K, committed 98944K, reserved 1179648K
  class space    used 12398K, committed 12672K, reserved 1048576K
}
Event: 9020.580 GC heap before
{Heap before GC invocations=137 (full 0):
 garbage-first heap   total 122880K, used 62254K [0x000000008a200000, 0x0000000100000000)
  region size 1024K, 6 young (6144K), 2 survivors (2048K)
 Metaspace       used 98395K, committed 98944K, reserved 1179648K
  class space    used 12398K, committed 12672K, reserved 1048576K
}
Event: 9020.594 GC heap after
{Heap after GC invocations=138 (full 0):
 garbage-first heap   total 122880K, used 58062K [0x000000008a200000, 0x0000000100000000)
  region size 1024K, 1 young (1024K), 1 survivors (1024K)
 Metaspace       used 98395K, committed 98944K, reserved 1179648K
  class space    used 12398K, committed 12672K, reserved 1048576K
}
Event: 9192.371 GC heap before
{Heap before GC invocations=138 (full 0):
 garbage-first heap   total 122880K, used 107214K [0x000000008a200000, 0x0000000100000000)
  region size 1024K, 49 young (50176K), 1 survivors (1024K)
 Metaspace       used 98400K, committed 98944K, reserved 1179648K
  class space    used 12398K, committed 12672K, reserved 1048576K
}
Event: 9192.373 GC heap after
{Heap after GC invocations=139 (full 0):
 garbage-first heap   total 122880K, used 58316K [0x000000008a200000, 0x0000000100000000)
  region size 1024K, 1 young (1024K), 1 survivors (1024K)
 Metaspace       used 98400K, committed 98944K, reserved 1179648K
  class space    used 12398K, committed 12672K, reserved 1048576K
}

Deoptimization events (20 events):
Event: 6854.135 Thread 0x00000232f56c5300 Uncommon trap: trap_request=0xffffffd6 fr.pc=0x00000232a02b0f5c relative=0x000000000000043c
Event: 6854.135 Thread 0x00000232f56c5300 Uncommon trap: reason=array_check action=maybe_recompile pc=0x00000232a02b0f5c method=java.util.HashMap.valuesToArray([Ljava/lang/Object;)[Ljava/lang/Object; @ 62 c2
Event: 6854.135 Thread 0x00000232f56c5300 DEOPT PACKING pc=0x00000232a02b0f5c sp=0x00000080babff110
Event: 6854.135 Thread 0x00000232f56c5300 DEOPT UNPACKING pc=0x000002329f5c23a3 sp=0x00000080babff0a8 mode 2
Event: 7105.353 Thread 0x00000232f94a48e0 DEOPT PACKING pc=0x0000023298b81cc7 sp=0x00000080b85fe7c0
Event: 7105.354 Thread 0x00000232f94a48e0 DEOPT UNPACKING pc=0x000002329f5c2b43 sp=0x00000080b85fdde8 mode 0
Event: 7734.489 Thread 0x00000232f56c8ab0 DEOPT PACKING pc=0x00000232983e96a8 sp=0x00000080ba2fdc80
Event: 7734.489 Thread 0x00000232f56c8ab0 DEOPT UNPACKING pc=0x000002329f5c2b43 sp=0x00000080ba2fd120 mode 0
Event: 8960.489 Thread 0x00000232f56c8ab0 Uncommon trap: trap_request=0xffffff45 fr.pc=0x00000232a02a5dc8 relative=0x0000000000000bc8
Event: 8960.489 Thread 0x00000232f56c8ab0 Uncommon trap: reason=unstable_if action=reinterpret pc=0x00000232a02a5dc8 method=com.fasterxml.jackson.core.json.UTF8StreamJsonParser._finishAndReturnString()Ljava/lang/String; @ 10 c2
Event: 8960.489 Thread 0x00000232f56c8ab0 DEOPT PACKING pc=0x00000232a02a5dc8 sp=0x00000080ba2fcdf0
Event: 8960.489 Thread 0x00000232f56c8ab0 DEOPT UNPACKING pc=0x000002329f5c23a3 sp=0x00000080ba2fcd98 mode 2
Event: 9110.765 Thread 0x00000232f56c8ab0 DEOPT PACKING pc=0x00000232994e9790 sp=0x00000080ba2fdf80
Event: 9110.765 Thread 0x00000232f56c8ab0 DEOPT UNPACKING pc=0x000002329f5c2b43 sp=0x00000080ba2fd460 mode 0
Event: 9273.134 Thread 0x00000232f56c8ab0 Uncommon trap: trap_request=0x00000025 fr.pc=0x00000232a02b33b8 relative=0x0000000000000b98
Event: 9273.134 Thread 0x00000232f56c8ab0 Uncommon trap: reason=unloaded action=reinterpret pc=0x00000232a02b33b8 method=java.util.concurrent.SynchronousQueue.take()Ljava/lang/Object; @ 21 c2
Event: 9273.134 Thread 0x00000232f56c8ab0 DEOPT PACKING pc=0x00000232a02b33b8 sp=0x00000080ba2ff1f0
Event: 9273.134 Thread 0x00000232f56c8ab0 DEOPT UNPACKING pc=0x000002329f5c23a3 sp=0x00000080ba2ff178 mode 2
Event: 9321.378 Thread 0x00000232f56c6230 DEOPT PACKING pc=0x00000232994e9790 sp=0x00000080bc4fe5f0
Event: 9321.379 Thread 0x00000232f56c6230 DEOPT UNPACKING pc=0x000002329f5c2b43 sp=0x00000080bc4fdad0 mode 0

Classes unloaded (20 events):
Event: 3419.747 Thread 0x00000232ae3dc730 Unloading class 0x00000232b0230800 'java/lang/invoke/LambdaForm$MH+0x00000232b0230800'
Event: 3419.747 Thread 0x00000232ae3dc730 Unloading class 0x00000232b0230400 'java/lang/invoke/LambdaForm$MH+0x00000232b0230400'
Event: 3419.748 Thread 0x00000232ae3dc730 Unloading class 0x00000232b01a8c00 'jdk/internal/reflect/GeneratedConstructorAccessor4'
Event: 3419.748 Thread 0x00000232ae3dc730 Unloading class 0x00000232b0151000 'java/lang/invoke/LambdaForm$MH+0x00000232b0151000'
Event: 3419.748 Thread 0x00000232ae3dc730 Unloading class 0x00000232b0150800 'java/lang/invoke/LambdaForm$MH+0x00000232b0150800'
Event: 3419.748 Thread 0x00000232ae3dc730 Unloading class 0x00000232b0150400 'java/lang/invoke/LambdaForm$MH+0x00000232b0150400'
Event: 3419.748 Thread 0x00000232ae3dc730 Unloading class 0x00000232b0150000 'java/lang/invoke/LambdaForm$MH+0x00000232b0150000'
Event: 3419.748 Thread 0x00000232ae3dc730 Unloading class 0x00000232b0149800 'java/lang/invoke/LambdaForm$MH+0x00000232b0149800'
Event: 3419.748 Thread 0x00000232ae3dc730 Unloading class 0x00000232b0149000 'java/lang/invoke/LambdaForm$MH+0x00000232b0149000'
Event: 3745.040 Thread 0x00000232ae3dc730 Unloading class 0x00000232b0a34400 'jdk/internal/reflect/GeneratedConstructorAccessor71'
Event: 5178.607 Thread 0x00000232ae3dc730 Unloading class 0x00000232b0a04c00 'java/lang/invoke/LambdaForm$MH+0x00000232b0a04c00'
Event: 5178.607 Thread 0x00000232ae3dc730 Unloading class 0x00000232b0a04800 'java/lang/invoke/LambdaForm$MH+0x00000232b0a04800'
Event: 5178.607 Thread 0x00000232ae3dc730 Unloading class 0x00000232b0a04400 'java/lang/invoke/LambdaForm$MH+0x00000232b0a04400'
Event: 5178.607 Thread 0x00000232ae3dc730 Unloading class 0x00000232b0a04000 'java/lang/invoke/LambdaForm$MH+0x00000232b0a04000'
Event: 5178.607 Thread 0x00000232ae3dc730 Unloading class 0x00000232b085d800 'jdk/internal/reflect/GeneratedConstructorAccessor55'
Event: 5178.607 Thread 0x00000232ae3dc730 Unloading class 0x00000232b085d000 'jdk/internal/reflect/GeneratedConstructorAccessor53'
Event: 5178.607 Thread 0x00000232ae3dc730 Unloading class 0x00000232b085cc00 'jdk/internal/reflect/GeneratedConstructorAccessor52'
Event: 5178.607 Thread 0x00000232ae3dc730 Unloading class 0x00000232b085c800 'jdk/internal/reflect/GeneratedConstructorAccessor51'
Event: 7344.985 Thread 0x00000232ae3dc730 Unloading class 0x00000232b0c0c800 'jdk/internal/reflect/GeneratedMethodAccessor102'
Event: 7344.985 Thread 0x00000232ae3dc730 Unloading class 0x00000232b0c3a000 'jdk/internal/reflect/GeneratedMethodAccessor90'

Classes redefined (0 events):
No events

Internal exceptions (20 events):
Event: 8933.433 Thread 0x00000232f94a8ab0 Exception <a 'java/io/IOException'{0x000000008fe08c18}: Connection reset by peer> (0x000000008fe08c18) 
thrown [s\open\src\hotspot\share\prims\jni.cpp, line 535]
Event: 8947.408 Thread 0x00000232f94a48e0 Exception <a 'java/io/IOException'{0x000000008f981cb0}: Connection reset by peer> (0x000000008f981cb0) 
thrown [s\open\src\hotspot\share\prims\jni.cpp, line 535]
Event: 8947.409 Thread 0x00000232f94a48e0 Exception <a 'java/io/IOException'{0x000000008f9847a0}: Connection reset by peer> (0x000000008f9847a0) 
thrown [s\open\src\hotspot\share\prims\jni.cpp, line 535]
Event: 8953.324 Thread 0x00000232f94a34a0 Exception <a 'java/io/IOException'{0x000000008f781d30}: Connection reset by peer> (0x000000008f781d30) 
thrown [s\open\src\hotspot\share\prims\jni.cpp, line 535]
Event: 8953.324 Thread 0x00000232f94a34a0 Exception <a 'java/io/IOException'{0x000000008f784820}: Connection reset by peer> (0x000000008f784820) 
thrown [s\open\src\hotspot\share\prims\jni.cpp, line 535]
Event: 8960.175 Thread 0x00000232f94a99e0 Exception <a 'java/io/IOException'{0x000000008f400b28}: Connection reset by peer> (0x000000008f400b28) 
thrown [s\open\src\hotspot\share\prims\jni.cpp, line 535]
Event: 8960.175 Thread 0x00000232f94a99e0 Exception <a 'java/io/IOException'{0x000000008f403618}: Connection reset by peer> (0x000000008f403618) 
thrown [s\open\src\hotspot\share\prims\jni.cpp, line 535]
Event: 8969.814 Thread 0x00000232f94a8fc0 Exception <a 'java/io/IOException'{0x000000008f1014a8}: Connection reset by peer> (0x000000008f1014a8) 
thrown [s\open\src\hotspot\share\prims\jni.cpp, line 535]
Event: 8969.814 Thread 0x00000232f94a8fc0 Exception <a 'java/io/IOException'{0x000000008f103f98}: Connection reset by peer> (0x000000008f103f98) 
thrown [s\open\src\hotspot\share\prims\jni.cpp, line 535]
Event: 9231.043 Thread 0x00000232f56c8ab0 Exception <a 'sun/net/ConnectionResetException'{0x0000000090f82a30}: Connection reset> (0x0000000090f82a30) 
thrown [s\open\src\hotspot\share\prims\jni.cpp, line 535]
Event: 9231.368 Thread 0x00000232f56c6230 Exception <a 'sun/net/ConnectionResetException'{0x0000000090e058a8}: Connection reset> (0x0000000090e058a8) 
thrown [s\open\src\hotspot\share\prims\jni.cpp, line 535]
Event: 9252.080 Thread 0x00000232f56c8ab0 Exception <a 'java/net/ConnectException'{0x0000000090f844f8}: Connection timed out: connect> (0x0000000090f844f8) 
thrown [s\open\src\hotspot\share\prims\jni.cpp, line 535]
Event: 9252.080 Thread 0x00000232f56c8ab0 Exception <a 'java/net/SocketException'{0x0000000090980d40}: Socket is not connected: shutdown> (0x0000000090980d40) 
thrown [s\open\src\hotspot\share\prims\jni.cpp, line 535]
Event: 9252.408 Thread 0x00000232f56c6230 Exception <a 'java/net/ConnectException'{0x0000000090e0d850}: Connection timed out: connect> (0x0000000090e0d850) 
thrown [s\open\src\hotspot\share\prims\jni.cpp, line 535]
Event: 9252.408 Thread 0x00000232f56c6230 Exception <a 'java/net/SocketException'{0x00000000908a9768}: Socket is not connected: shutdown> (0x00000000908a9768) 
thrown [s\open\src\hotspot\share\prims\jni.cpp, line 535]
Event: 9261.071 Thread 0x00000232fbcdd930 Exception <a 'java/lang/NoClassDefFoundError'{0x000000009041e910}: sun/reflect/Reflection> (0x000000009041e910) 
thrown [s\open\src\hotspot\share\classfile\systemDictionary.cpp, line 245]
Event: 9273.132 Thread 0x00000232f56c8ab0 Exception <a 'java/net/ConnectException'{0x00000000908a66a0}: Connection timed out: connect> (0x00000000908a66a0) 
thrown [s\open\src\hotspot\share\prims\jni.cpp, line 535]
Event: 9273.132 Thread 0x00000232f56c8ab0 Exception <a 'java/net/SocketException'{0x00000000908a6c80}: Socket is not connected: shutdown> (0x00000000908a6c80) 
thrown [s\open\src\hotspot\share\prims\jni.cpp, line 535]
Event: 9273.458 Thread 0x00000232f56c6230 Exception <a 'java/net/ConnectException'{0x00000000907c0e08}: Connection timed out: connect> (0x00000000907c0e08) 
thrown [s\open\src\hotspot\share\prims\jni.cpp, line 535]
Event: 9273.458 Thread 0x00000232f56c6230 Exception <a 'java/net/SocketException'{0x00000000907c13e8}: Socket is not connected: shutdown> (0x00000000907c13e8) 
thrown [s\open\src\hotspot\share\prims\jni.cpp, line 535]

VM Operations (20 events):
Event: 9020.580 Executing VM operation: G1CollectForAllocation
Event: 9020.594 Executing VM operation: G1CollectForAllocation done
Event: 9111.481 Executing VM operation: Cleanup
Event: 9111.481 Executing VM operation: Cleanup done
Event: 9141.769 Executing VM operation: Cleanup
Event: 9141.769 Executing VM operation: Cleanup done
Event: 9192.371 Executing VM operation: G1CollectForAllocation
Event: 9192.373 Executing VM operation: G1CollectForAllocation done
Event: 9192.400 Executing VM operation: G1Concurrent
Event: 9192.406 Executing VM operation: G1Concurrent done
Event: 9192.420 Executing VM operation: G1Concurrent
Event: 9192.420 Executing VM operation: G1Concurrent done
Event: 9253.014 Executing VM operation: Cleanup
Event: 9253.014 Executing VM operation: Cleanup done
Event: 9273.209 Executing VM operation: Cleanup
Event: 9273.210 Executing VM operation: Cleanup done
Event: 9318.663 Executing VM operation: Cleanup
Event: 9318.663 Executing VM operation: Cleanup done
Event: 9321.687 Executing VM operation: Cleanup
Event: 9321.687 Executing VM operation: Cleanup done

Events (20 events):
Event: 8947.408 Thread 0x00000232f94a48e0 Thread added: 0x00000232f94a48e0
Event: 8947.408 Thread 0x00000232f94a5300 Thread added: 0x00000232f94a5300
Event: 8952.419 Thread 0x00000232f94a48e0 Thread exited: 0x00000232f94a48e0
Event: 8953.199 Thread 0x00000232f94a5300 Thread exited: 0x00000232f94a5300
Event: 8953.323 Thread 0x00000232f94a34a0 Thread added: 0x00000232f94a34a0
Event: 8953.323 Thread 0x00000232f94a2f90 Thread added: 0x00000232f94a2f90
Event: 8958.333 Thread 0x00000232f94a34a0 Thread exited: 0x00000232f94a34a0
Event: 8958.678 Thread 0x00000232f94a2f90 Thread exited: 0x00000232f94a2f90
Event: 8960.174 Thread 0x00000232f94a99e0 Thread added: 0x00000232f94a99e0
Event: 8960.174 Thread 0x00000232f94a94d0 Thread added: 0x00000232f94a94d0
Event: 8965.181 Thread 0x00000232f94a99e0 Thread exited: 0x00000232f94a99e0
Event: 8966.381 Thread 0x00000232f94a94d0 Thread exited: 0x00000232f94a94d0
Event: 8969.813 Thread 0x00000232f94a8fc0 Thread added: 0x00000232f94a8fc0
Event: 8969.813 Thread 0x00000232f94a34a0 Thread added: 0x00000232f94a34a0
Event: 8974.822 Thread 0x00000232f94a8fc0 Thread exited: 0x00000232f94a8fc0
Event: 8975.587 Thread 0x00000232f94a34a0 Thread exited: 0x00000232f94a34a0
Event: 9252.080 loading class sun/net/util/SocketExceptions
Event: 9252.082 loading class sun/net/util/SocketExceptions done
Event: 9261.070 loading class sun/reflect/Reflection
Event: 9261.071 loading class sun/reflect/Reflection done


Dynamic libraries:
0x00007ff7d38d0000 - 0x00007ff7d38e0000 	C:\Program Files\Java\jdk-17\bin\java.exe
0x00007ffd77a50000 - 0x00007ffd77c67000 	C:\WINDOWS\SYSTEM32\ntdll.dll
0x00007ffd76fa0000 - 0x00007ffd77064000 	C:\WINDOWS\System32\KERNEL32.DLL
0x00007ffd74e80000 - 0x00007ffd7523a000 	C:\WINDOWS\System32\KERNELBASE.dll
0x00007ffd75450000 - 0x00007ffd75561000 	C:\WINDOWS\System32\ucrtbase.dll
0x00007ffd5b090000 - 0x00007ffd5b0ab000 	C:\Program Files\Java\jdk-17\bin\VCRUNTIME140.dll
0x00007ffd5ca10000 - 0x00007ffd5ca29000 	C:\Program Files\Java\jdk-17\bin\jli.dll
0x00007ffd77290000 - 0x00007ffd77342000 	C:\WINDOWS\System32\ADVAPI32.dll
0x00007ffd765e0000 - 0x00007ffd76687000 	C:\WINDOWS\System32\msvcrt.dll
0x00007ffd77880000 - 0x00007ffd77927000 	C:\WINDOWS\System32\sechost.dll
0x00007ffd75570000 - 0x00007ffd75598000 	C:\WINDOWS\System32\bcrypt.dll
0x00007ffd77070000 - 0x00007ffd77184000 	C:\WINDOWS\System32\RPCRT4.dll
0x00007ffd75740000 - 0x00007ffd758ee000 	C:\WINDOWS\System32\USER32.dll
0x00007ffd753a0000 - 0x00007ffd753c6000 	C:\WINDOWS\System32\win32u.dll
0x00007ffd666f0000 - 0x00007ffd66982000 	C:\WINDOWS\WinSxS\amd64_microsoft.windows.common-controls_6595b64144ccf1df_6.0.22621.4541_none_2710d1c57384c085\COMCTL32.dll
0x00007ffd77850000 - 0x00007ffd77879000 	C:\WINDOWS\System32\GDI32.dll
0x00007ffd755a0000 - 0x00007ffd756bb000 	C:\WINDOWS\System32\gdi32full.dll
0x00007ffd75240000 - 0x00007ffd752da000 	C:\WINDOWS\System32\msvcp_win.dll
0x00007ffd6a6f0000 - 0x00007ffd6a6fa000 	C:\WINDOWS\SYSTEM32\VERSION.dll
0x00007ffd765a0000 - 0x00007ffd765d1000 	C:\WINDOWS\System32\IMM32.DLL
0x00007ffd6ff60000 - 0x00007ffd6ff6c000 	C:\Program Files\Java\jdk-17\bin\vcruntime140_1.dll
0x00007ffd5b000000 - 0x00007ffd5b08e000 	C:\Program Files\Java\jdk-17\bin\msvcp140.dll
0x00007ffcee1f0000 - 0x00007ffceedcf000 	C:\Program Files\Java\jdk-17\bin\server\jvm.dll
0x00007ffd77280000 - 0x00007ffd77288000 	C:\WINDOWS\System32\PSAPI.DLL
0x00007ffd6dbc0000 - 0x00007ffd6dbf4000 	C:\WINDOWS\SYSTEM32\WINMM.dll
0x00007ffd59490000 - 0x00007ffd59499000 	C:\WINDOWS\SYSTEM32\WSOCK32.dll
0x00007ffd76690000 - 0x00007ffd76701000 	C:\WINDOWS\System32\WS2_32.dll
0x00007ffd73cb0000 - 0x00007ffd73cc8000 	C:\WINDOWS\SYSTEM32\kernel.appcore.dll
0x00007ffd6d200000 - 0x00007ffd6d20a000 	C:\Program Files\Java\jdk-17\bin\jimage.dll
0x00007ffd6c050000 - 0x00007ffd6c282000 	C:\WINDOWS\SYSTEM32\DBGHELP.DLL
0x00007ffd75f70000 - 0x00007ffd76301000 	C:\WINDOWS\System32\combase.dll
0x00007ffd77930000 - 0x00007ffd77a07000 	C:\WINDOWS\System32\OLEAUT32.dll
0x00007ffd66ba0000 - 0x00007ffd66bd2000 	C:\WINDOWS\SYSTEM32\dbgcore.DLL
0x00007ffd753d0000 - 0x00007ffd7544b000 	C:\WINDOWS\System32\bcryptPrimitives.dll
0x00007ffd5f200000 - 0x00007ffd5f20e000 	C:\Program Files\Java\jdk-17\bin\instrument.dll
0x00007ffd5afd0000 - 0x00007ffd5aff5000 	C:\Program Files\Java\jdk-17\bin\java.dll
0x00007ffd3bde0000 - 0x00007ffd3beb7000 	C:\Program Files\Java\jdk-17\bin\jsvml.dll
0x00007ffd76710000 - 0x00007ffd76f89000 	C:\WINDOWS\System32\SHELL32.dll
0x00007ffd72c00000 - 0x00007ffd73509000 	C:\WINDOWS\SYSTEM32\windows.storage.dll
0x00007ffd72ac0000 - 0x00007ffd72bff000 	C:\WINDOWS\SYSTEM32\wintypes.dll
0x00007ffd77530000 - 0x00007ffd7762a000 	C:\WINDOWS\System32\SHCORE.dll
0x00007ffd75900000 - 0x00007ffd7595e000 	C:\WINDOWS\System32\shlwapi.dll
0x00007ffd74c40000 - 0x00007ffd74c6b000 	C:\WINDOWS\SYSTEM32\profapi.dll
0x00007ffd58360000 - 0x00007ffd58378000 	C:\Program Files\Java\jdk-17\bin\zip.dll
0x00007ffd5afb0000 - 0x00007ffd5afc9000 	C:\Program Files\Java\jdk-17\bin\net.dll
0x00007ffd70820000 - 0x00007ffd70956000 	C:\WINDOWS\SYSTEM32\WINHTTP.dll
0x00007ffd74190000 - 0x00007ffd741f9000 	C:\WINDOWS\system32\mswsock.dll
0x00007ffd5af90000 - 0x00007ffd5afa6000 	C:\Program Files\Java\jdk-17\bin\nio.dll
0x00007ffd56930000 - 0x00007ffd5694a000 	C:\Program Files\JetBrains\IntelliJ IDEA Community Edition 2024.2.5\bin\breakgen64.dll
0x00007ffd575c0000 - 0x00007ffd575d0000 	C:\Program Files\Java\jdk-17\bin\verify.dll
0x00007ffd5c910000 - 0x00007ffd5c91a000 	C:\Program Files\Java\jdk-17\bin\management.dll
0x00007ffd5af80000 - 0x00007ffd5af8b000 	C:\Program Files\Java\jdk-17\bin\management_ext.dll
0x00007ffd73770000 - 0x00007ffd7379d000 	C:\WINDOWS\SYSTEM32\IPHLPAPI.DLL
0x00007ffd76f90000 - 0x00007ffd76f99000 	C:\WINDOWS\System32\NSI.dll
0x00007ffd701d0000 - 0x00007ffd701e9000 	C:\WINDOWS\SYSTEM32\dhcpcsvc6.DLL
0x00007ffd6ff30000 - 0x00007ffd6ff4f000 	C:\WINDOWS\SYSTEM32\dhcpcsvc.DLL
0x00007ffd737e0000 - 0x00007ffd738e2000 	C:\WINDOWS\SYSTEM32\DNSAPI.dll
0x00007ffd6d3c0000 - 0x00007ffd6d3ca000 	C:\Windows\System32\rasadhlp.dll
0x00007ffd6ed40000 - 0x00007ffd6ed57000 	C:\WINDOWS\system32\napinsp.dll
0x00007ffd6d210000 - 0x00007ffd6d22b000 	C:\WINDOWS\system32\pnrpnsp.dll
0x00007ffd5f210000 - 0x00007ffd5f221000 	C:\WINDOWS\System32\winrnr.dll
0x00007ffd6d020000 - 0x00007ffd6d035000 	C:\WINDOWS\system32\wshbth.dll
0x00007ffd274f0000 - 0x00007ffd27517000 	C:\WINDOWS\system32\nlansp_c.dll
0x00007ffd6d120000 - 0x00007ffd6d1a3000 	C:\WINDOWS\System32\fwpuclnt.dll
0x00007ffd743d0000 - 0x00007ffd743eb000 	C:\WINDOWS\SYSTEM32\CRYPTSP.dll
0x00007ffd73c70000 - 0x00007ffd73ca5000 	C:\WINDOWS\system32\rsaenh.dll
0x00007ffd74250000 - 0x00007ffd74278000 	C:\WINDOWS\SYSTEM32\USERENV.dll
0x00007ffd743c0000 - 0x00007ffd743cc000 	C:\WINDOWS\SYSTEM32\CRYPTBASE.dll
0x00007ffd5a610000 - 0x00007ffd5a61e000 	C:\Program Files\Java\jdk-17\bin\sunmscapi.dll
0x00007ffd74d10000 - 0x00007ffd74e76000 	C:\WINDOWS\System32\CRYPT32.dll
0x00007ffd745c0000 - 0x00007ffd745ed000 	C:\WINDOWS\SYSTEM32\ncrypt.dll
0x00007ffd74580000 - 0x00007ffd745b7000 	C:\WINDOWS\SYSTEM32\NTASN1.dll
0x00007ffd6b7e0000 - 0x00007ffd6b7e8000 	C:\WINDOWS\system32\wshunix.dll

dbghelp: loaded successfully - version: 4.0.5 - missing functions: none
symbol engine: initialized successfully - sym options: 0x614 - pdb path: .;C:\Program Files\Java\jdk-17\bin;C:\WINDOWS\SYSTEM32;C:\WINDOWS\WinSxS\amd64_microsoft.windows.common-controls_6595b64144ccf1df_6.0.22621.4541_none_2710d1c57384c085;C:\Program Files\Java\jdk-17\bin\server;C:\Program Files\JetBrains\IntelliJ IDEA Community Edition 2024.2.5\bin

VM Arguments:
jvm_args: -javaagent:C:\Program Files\JetBrains\IntelliJ IDEA Community Edition 2024.2.5\lib\idea_rt.jar=52633:C:\Program Files\JetBrains\IntelliJ IDEA Community Edition 2024.2.5\bin -Dfile.encoding=UTF-8 
java_command: com.gmf.user_management.UserManagementServiceApplication C:/Users/User/.m2/repository
java_class_path (initial): C:\Users\User\userman-service\target\classes;C:\Users\User\.m2\repository\org\springframework\cloud\spring-cloud-config-client\3.1.7\spring-cloud-config-client-3.1.7.jar;C:\Users\User\.m2\repository\org\springframework\boot\spring-boot-autoconfigure\2.7.13\spring-boot-autoconfigure-2.7.13.jar;C:\Users\User\.m2\repository\org\springframework\cloud\spring-cloud-commons\3.1.6\spring-cloud-commons-3.1.6.jar;C:\Users\User\.m2\repository\org\springframework\security\spring-security-crypto\5.7.9\spring-security-crypto-5.7.9.jar;C:\Users\User\.m2\repository\org\springframework\cloud\spring-cloud-context\3.1.6\spring-cloud-context-3.1.6.jar;C:\Users\User\.m2\repository\org\springframework\spring-web\5.3.28\spring-web-5.3.28.jar;C:\Users\User\.m2\repository\org\springframework\spring-beans\5.3.28\spring-beans-5.3.28.jar;C:\Users\User\.m2\repository\com\fasterxml\jackson\core\jackson-annotations\2.13.5\jackson-annotations-2.13.5.jar;C:\Users\User\.m2\repository\com\fasterxml\jackson\core\jackson-databind\2.13.5\jackson-databind-2.13.5.jar;C:\Users\User\.m2\repository\org\apache\httpcomponents\httpclient\4.5.14\httpclient-4.5.14.jar;C:\Users\User\.m2\repository\org\apache\httpcomponents\httpcore\4.4.16\httpcore-4.4.16.jar;C:\Users\User\.m2\repository\org\springframework\cloud\spring-cloud-starter-bootstrap\3.1.6\spring-cloud-starter-bootstrap-3.1.6.jar;C:\Users\User\.m2\repository\org\springframework\cloud\spring-cloud-starter\3.1.6\spring-cloud-starter-3.1.6.jar;C:\Users\User\.m2\repository\org\springframework\security\spring-security-rsa\1.0.11.RELEASE\spring-security-rsa-1.0.11.RELEASE.jar;C:\Users\User\.m2\repository\org\bouncycastle\bcpkix-jdk15on\1.69\bcpkix-jdk15on-1.69.jar;C:\Users\User\.m2\repository\org\bouncycastle\bcprov-jdk15on\1.69\bcprov-jdk15on-1.69.jar;C:\Users\User\.m2\repository\org\bouncycastle\bcutil-jdk15on\1.69\bcutil-jdk15on-1.69.jar;C:\Users\User\.m2\repository\mysql\mysql-connector-java\8.0.28\mysql-connector-java-8.0.28.ja
Launcher Type: SUN_STANDARD

[Global flags]
     intx CICompilerCount                          = 4                                         {product} {ergonomic}
     uint ConcGCThreads                            = 3                                         {product} {ergonomic}
     uint G1ConcRefinementThreads                  = 10                                        {product} {ergonomic}
   size_t G1HeapRegionSize                         = 1048576                                   {product} {ergonomic}
    uintx GCDrainStackTargetSize                   = 64                                        {product} {ergonomic}
   size_t InitialHeapSize                          = 123731968                                 {product} {ergonomic}
   size_t MarkStackSize                            = 4194304                                   {product} {ergonomic}
   size_t MaxHeapSize                              = 1977614336                                {product} {ergonomic}
   size_t MaxNewSize                               = 1185939456                                {product} {ergonomic}
   size_t MinHeapDeltaBytes                        = 1048576                                   {product} {ergonomic}
   size_t MinHeapSize                              = 8388608                                   {product} {ergonomic}
    uintx NonNMethodCodeHeapSize                   = 5839372                                {pd product} {ergonomic}
    uintx NonProfiledCodeHeapSize                  = 122909434                              {pd product} {ergonomic}
    uintx ProfiledCodeHeapSize                     = 122909434                              {pd product} {ergonomic}
    uintx ReservedCodeCacheSize                    = 251658240                              {pd product} {ergonomic}
     bool SegmentedCodeCache                       = true                                      {product} {ergonomic}
   size_t SoftMaxHeapSize                          = 1977614336                             {manageable} {ergonomic}
     bool UseCompressedClassPointers               = true                           {product lp64_product} {ergonomic}
     bool UseCompressedOops                        = true                           {product lp64_product} {ergonomic}
     bool UseG1GC                                  = true                                      {product} {ergonomic}
     bool UseLargePagesIndividualAllocation        = false                                  {pd product} {ergonomic}

Logging:
Log output configuration:
 #0: stdout all=warning uptime,level,tags
 #1: stderr all=off uptime,level,tags

Environment Variables:
JAVA_HOME=C:\Program Files\Java\jdk-17
PATH=C:\Python310\Scripts\;C:\Python310\;C:\Program Files\Common Files\Oracle\Java\javapath;C:\Program Files (x86)\Common Files\Oracle\Java\javapath;C:\WINDOWS\system32;C:\WINDOWS;C:\WINDOWS\System32\Wbem;C:\WINDOWS\System32\WindowsPowerShell\v1.0\;C:\WINDOWS\System32\OpenSSH\;C:\ProgramData\ComposerSetup\bin;C:\ProgramData\chocolatey\bin;C:\Program Files (x86)\Bitvise SSH Client;C:\php;C:\Program Files\Java\jdk-17\bin;C:\Program Files\nodejs\;C:\xampp\php;C:\Program Files\apache-maven-3.9.6\bin;C:\Program Files\Git\cmd;C:\Program Files\Docker\Docker\resources\bin;%JAVA_HOME%\bin;C:\Program Files\Microsoft SQL Server\150\Tools\Binn\;C:\Program Files\Microsoft SQL Server\Client SDK\ODBC\170\Tools\Binn\;C:\Program Files\dotnet\;C:\Program Files (x86)\Windows Kits\10\Windows Performance Toolkit\;C:\Program Files (x86)\Microsoft SQL Server\160\Tools\Binn\;C:\Program Files\Microsoft SQL Server\160\Tools\Binn\;C:\Program Files\Microsoft SQL Server\160\DTS\Binn\;C:\Users\User\.jbang\bin;C:\Users\User\AppData\Local\Microsoft\WindowsApps;C:\Users\User\AppData\Roaming\Composer\vendor\bin;C:\src\flutter\bin;F:\New folder\Developer\Microsoft VS Code\bin;C:\Program Files\JetBrains\IntelliJ IDEA Community Edition 2023.3.3\bin;C:\Program Files\JetBrains\IntelliJ IDEA 2023.3.3\bin;C:\Users\User\AppData\Local\JetBrains\Toolbox\scripts;C:\Program Files\JetBrains\IntelliJ IDEA Community Edition 2023.3.4\bin;;C:\Program Files\JetBrains\IntelliJ IDEA 2023.3.3\bin;;C:\Users\User\AppData\Roaming\npm;C:\Users\User\.dotnet\tools;C:\Program Files\JetBrains\IntelliJ IDEA Community Edition 2024.2.5\bin;
USERNAME=User
OS=Windows_NT
PROCESSOR_IDENTIFIER=AMD64 Family 23 Model 104 Stepping 1, AuthenticAMD



---------------  S Y S T E M  ---------------

OS:
 Windows 11 , 64 bit Build 22621 (10.0.22621.4391)
OS uptime: 0 days 3:20 hours
Hyper-V role detected

CPU: total 12 (initial active 12) (12 cores per cpu, 2 threads per core) family 23 model 104 stepping 1 microcode 0x0, cx8, cmov, fxsr, ht, mmx, 3dnowpref, sse, sse2, sse3, ssse3, sse4a, sse4.1, sse4.2, popcnt, lzcnt, tsc, tscinvbit, avx, avx2, aes, clmul, bmi1, bmi2, adx, sha, fma, vzeroupper, clflush, clflushopt, hv

Memory: 4k page, system-wide physical 7541M (215M free)
TotalPageFile size 13685M (AvailPageFile size 28M)
current process WorkingSet (physical memory assigned to process): 315M, peak: 361M
current process commit charge ("private bytes"): 410M, peak: 419M

vm_info: Java HotSpot(TM) 64-Bit Server VM (17.0.10+11-LTS-240) for windows-amd64 JRE (17.0.10+11-LTS-240), built on Dec 19 2023 21:47:25 by "mach5one" with MS VC++ 17.1 (VS2022)

END.
